------------------------------------------------------------
TimeQuest Timing Analyzer Summary
------------------------------------------------------------

Type  : Slow 1200mV 85C Model Setup 'b2v_inst|altpll_component|auto_generated|pll1|clk[0]'
Slack : 11.412
TNS   : 0.000

Type  : Slow 1200mV 85C Model Setup 'b2v_inst|altpll_component|auto_generated|pll1|clk[1]'
Slack : 33331.554
TNS   : 0.000

Type  : Slow 1200mV 85C Model Hold 'b2v_inst|altpll_component|auto_generated|pll1|clk[0]'
Slack : 0.331
TNS   : 0.000

Type  : Slow 1200mV 85C Model Hold 'b2v_inst|altpll_component|auto_generated|pll1|clk[1]'
Slack : 0.331
TNS   : 0.000

Type  : Slow 1200mV 85C Model Minimum Pulse Width 'MAX10_CLK1_50'
Slack : 9.724
TNS   : 0.000

Type  : Slow 1200mV 85C Model Minimum Pulse Width 'b2v_inst|altpll_component|auto_generated|pll1|clk[0]'
Slack : 19.736
TNS   : 0.000

Type  : Slow 1200mV 85C Model Minimum Pulse Width 'b2v_inst|altpll_component|auto_generated|pll1|clk[1]'
Slack : 16666.402
TNS   : 0.000

Type  : Slow 1200mV 0C Model Setup 'b2v_inst|altpll_component|auto_generated|pll1|clk[0]'
Slack : 11.587
TNS   : 0.000

Type  : Slow 1200mV 0C Model Setup 'b2v_inst|altpll_component|auto_generated|pll1|clk[1]'
Slack : 33331.717
TNS   : 0.000

Type  : Slow 1200mV 0C Model Hold 'b2v_inst|altpll_component|auto_generated|pll1|clk[0]'
Slack : 0.299
TNS   : 0.000

Type  : Slow 1200mV 0C Model Hold 'b2v_inst|altpll_component|auto_generated|pll1|clk[1]'
Slack : 0.299
TNS   : 0.000

Type  : Slow 1200mV 0C Model Minimum Pulse Width 'MAX10_CLK1_50'
Slack : 9.758
TNS   : 0.000

Type  : Slow 1200mV 0C Model Minimum Pulse Width 'b2v_inst|altpll_component|auto_generated|pll1|clk[0]'
Slack : 19.720
TNS   : 0.000

Type  : Slow 1200mV 0C Model Minimum Pulse Width 'b2v_inst|altpll_component|auto_generated|pll1|clk[1]'
Slack : 16666.386
TNS   : 0.000

Type  : Fast 1200mV 0C Model Setup 'b2v_inst|altpll_component|auto_generated|pll1|clk[0]'
Slack : 12.377
TNS   : 0.000

Type  : Fast 1200mV 0C Model Setup 'b2v_inst|altpll_component|auto_generated|pll1|clk[1]'
Slack : 33332.480
TNS   : 0.000

Type  : Fast 1200mV 0C Model Hold 'b2v_inst|altpll_component|auto_generated|pll1|clk[0]'
Slack : 0.152
TNS   : 0.000

Type  : Fast 1200mV 0C Model Hold 'b2v_inst|altpll_component|auto_generated|pll1|clk[1]'
Slack : 0.152
TNS   : 0.000

Type  : Fast 1200mV 0C Model Minimum Pulse Width 'MAX10_CLK1_50'
Slack : 9.524
TNS   : 0.000

Type  : Fast 1200mV 0C Model Minimum Pulse Width 'b2v_inst|altpll_component|auto_generated|pll1|clk[0]'
Slack : 19.777
TNS   : 0.000

Type  : Fast 1200mV 0C Model Minimum Pulse Width 'b2v_inst|altpll_component|auto_generated|pll1|clk[1]'
Slack : 16666.443
TNS   : 0.000

------------------------------------------------------------
